a)

dilara@DESKTOP-KQS0HMR MINGW64 ~
$ git config --global user.name "Dilara"

dilara@DESKTOP-KQS0HMR MINGW64 ~
$ git config --global user.email "dilarasnmz14@gmail.com"

dilara@DESKTOP-KQS0HMR MINGW64 ~
$ git config --global core.editor "Intellij"

dilara@DESKTOP-KQS0HMR MINGW64 ~
$ git config --list
diff.astextplain.textconv=astextplain
filter.lfs.clean=git-lfs clean -- %f
filter.lfs.smudge=git-lfs smudge -- %f
filter.lfs.process=git-lfs filter-process
filter.lfs.required=true
http.sslbackend=openssl
http.sslcainfo=C:/Program Files/Git/mingw64/etc/ssl/certs/ca-bundle.crt
core.autocrlf=true
core.fscache=true
core.symlinks=false
pull.rebase=false
credential.helper=manager
credential.https://dev.azure.com.usehttppath=true
init.defaultbranch=master
user.name=Dilara
user.email=dilarasnmz14@gmail.com
filter.lfs.process=git-lfs filter-process
filter.lfs.required=true
filter.lfs.clean=git-lfs clean -- %f
filter.lfs.smudge=git-lfs smudge -- %f
core.editor=Intellij

b) 

dilara@DESKTOP-KQS0HMR MINGW64 ~/Desktop
$ git clone https://github.com/dilarasnmz/Soft2101-hw4-git-practice.git
Cloning into 'Soft2101-hw4-git-practice'...
remote: Enumerating objects: 4, done.
remote: Counting objects: 100% (4/4), done.
remote: Total 4 (delta 0), reused 0 (delta 0), pack-reused 0
Receiving objects: 100% (4/4), done.

dilara@DESKTOP-KQS0HMR MINGW64 ~/Desktop/Soft2101-hw4-git-practice/.git (GIT_DIR!)
$ ls
HEAD    description  index  logs/     packed-refs
config  hooks/       info/  objects/  refs/

c) For to put clickable link with using markdown, text is written in brackets and the URL is written in parentheses.

d)# Compiled class file
*.class

# Log file
*.log

# BlueJ files
*.ctxt

# Mobile Tools for Java (J2ME)
.mtj.tmp/

# Package Files #
*.jar
*.war
*.nar
*.ear
*.zip
*.tar.gz
*.rar

# virtual machine crash logs, see http://www.java.com/en/download/help/error_hotspot.xml
hs_err_pid*
replay_pid*

e)dilara@DESKTOP-KQS0HMR MINGW64 ~/Desktop/Soft2101-hw4-git-practice (main)
$ git branch feature_1

dilara@DESKTOP-KQS0HMR MINGW64 ~/Desktop/Soft2101-hw4-git-practice (main)
$ git checkout feature_1
Switched to branch 'feature_1'

dilara@DESKTOP-KQS0HMR MINGW64 ~/Desktop/Soft2101-hw4-git-practice (feature_1)
$ mkdir hmk1

dilara@DESKTOP-KQS0HMR MINGW64 ~/Desktop/Soft2101-hw4-git-practice (feature_1)
$ cd hmk1

f)In feature_1 branch, java class is commited to hmk1 directory. 

j)
[feature_2 8189fb4] satisfying requirement change two
1 file changed, 7 insertions(+), 4 deletions(-)

